// Jest Snapshot v1, https://goo.gl/fbAQLP

exports[`renders loader 1`] = `
<div
  className="loader-container"
>
  <div
    className="loader"
  >
    <div />
    <div />
  </div>
</div>
`;
