// Jest Snapshot v1, https://goo.gl/fbAQLP

exports[`renders header 1`] = `
<header
  className="header"
>
  Todo App
</header>
`;
